// Jest Snapshot v1, https://goo.gl/fbAQLP

exports[`renders correctly 1`] = `
<div
  className="md:grid grid-rows-2 gap-2 justify-center mt-8 md:gap-14 flex flex-col"
>
  <div
    className="sm:grid sm:gap-4 sm:justify-center md:grid-cols-2 flex flex-col"
  >
    <div
      className="sm:m-0 sm:grid sm:justify-items-center md:flex md:col-span-2 m-4 order-2 sm:order-1"
    >
      <h1
        className="text-2xl font-medium font-Rubik"
      />
    </div>
    <div
      className="grid justify-items-center md:flex md:items-center sm:order-2"
    >
      <div>
        <img
          className="max-w-sm max-h-22"
          height="500px"
          src=""
          width="500px"
        />
      </div>
    </div>
    <div
      className="sm:grid sm:grid-cols-2 sm:justify-items-center md:flex md:flex-col order-last sm:order-3"
    >
      <div
        className="md:space-y-4 sm:m-2 mb-4"
      >
        <div
          className="flex flex-row items-center"
        >
          <svg
            className="w-8"
            fill="currentColor"
            height="1em"
            stroke="currentColor"
            strokeWidth="0"
            style={
              Object {
                "color": undefined,
              }
            }
            version="1.1"
            viewBox="0 0 16 16"
            width="1em"
            xmlns="http://www.w3.org/2000/svg"
          >
            <path
              d="M8 0c-2.761 0-5 2.239-5 5 0 5 5 11 5 11s5-6 5-11c0-2.761-2.239-5-5-5zM8 8c-1.657 0-3-1.343-3-3s1.343-3 3-3 3 1.343 3 3-1.343 3-3 3z"
            />
          </svg>
          <p
            className="font-medium font-Rubik"
          />
        </div>
        <div
          className="flex flex-row items-center ml-8 md:ml-0"
        >
          <svg
            className="w-8 hidden md:block"
            fill="currentColor"
            height="1em"
            stroke="currentColor"
            strokeWidth="0"
            style={
              Object {
                "color": undefined,
              }
            }
            viewBox="0 0 1024 1024"
            width="1em"
            xmlns="http://www.w3.org/2000/svg"
          >
            <path
              d="M512 64C264.6 64 64 264.6 64 512s200.6 448 448 448 448-200.6 448-448S759.4 64 512 64zm176.5 585.7l-28.6 39a7.99 7.99 0 0 1-11.2 1.7L483.3 569.8a7.92 7.92 0 0 1-3.3-6.5V288c0-4.4 3.6-8 8-8h48.1c4.4 0 8 3.6 8 8v247.5l142.6 103.1c3.6 2.5 4.4 7.5 1.8 11.1z"
            />
          </svg>
          <p
            className="text-gray-500 font-Rubik "
          />
        </div>
      </div>
      <div
        className="space-y-4 m-2"
      >
        <div
          className="flex flex-row items-center"
        >
          <div />
          <p
            className="font-Rubik"
          >
            +
             Attendance
          </p>
        </div>
        <div
          className="flex flex-row items-center"
        >
          <div
            class="relative inline-flex items-center justify-center w-8 h-8 overflow-hidden bg-black rounded-full"
          >
            <span
              class="s text-white font-Rubik"
            />
          </div>
          <p
            className="font-Rubik ml-2"
          >
            Organized by 
          </p>
        </div>
      </div>
      <div
        className="col-span-2 grid justify-items-center md:flex md:px-3"
      >
        <button
          className="bg-orange-400 text-white w-44 sm:w-52 h-7 font-Rubik text-sm  rounded-md undefined mt-5 p-2 "
          onClick={[Function]}
        >
          JOIN
        </button>
      </div>
    </div>
  </div>
  <div
    className="sm:grid sm:gap-5 sm:justify-center md:grid-cols-2 md:m-0 flex flex-col m-2 space-y-4 sm:space-y-0"
  >
    <div>
      <h1
        className="font-Rubik font-medium text-lg"
      >
        Event Description:
      </h1>
      <p
        className="font-Rubik text-gray-500 sm:max-w-md"
      />
    </div>
    <div>
      <p
        className="font-medium font-Rubik text-lg mb-2"
      >
        Attendance:
      </p>
    </div>
  </div>
</div>
`;
