// Jest Snapshot v1, https://goo.gl/fbAQLP

exports[`renders correctly 1`] = `
<div
  className="fixed sm:static sm:z-0 z-50 top-1/2 left-1/2 sm:transform-none transform -translate-x-1/2 -translate-y-1/2 bg-white rounded-md p-4  w-full sm:w-80 h-80 sm:h-full overflow-y-scroll sm:overflow-auto scrollbar "
>
  <div
    className="grid grid-cols-1 gap-2 "
  >
    <p
      className="font-medium font-Rubik underline text-center sm:block hidden"
    >
      Pick Your Interest
    </p>
    <div>
      <label
        className="flex md:block"
      >
        <input
          className="md:hidden"
          type="checkbox"
        />
        <span
          className="checked flex items-center justify-center text-center  md:border-2 md:border-black border-0 p-3 rounded h-16  font-Rubik font-medium sm:text-base text-xs"
        >
          All
        </span>
      </label>
    </div>
    <div>
      <label
        className="flex md:block"
      >
        <input
          className="md:hidden"
          type="checkbox"
        />
        <span
          className="checked flex items-center justify-center text-center  md:border-2 md:border-black border-0 p-3 rounded h-16  font-Rubik font-medium sm:text-base text-xs"
        >
          No Poverty
        </span>
      </label>
    </div>
    <div>
      <label
        className="flex md:block"
      >
        <input
          className="md:hidden"
          type="checkbox"
        />
        <span
          className="checked flex items-center justify-center text-center  md:border-2 md:border-black border-0 p-3 rounded h-16  font-Rubik font-medium sm:text-base text-xs"
        >
          Zero Hunger
        </span>
      </label>
    </div>
    <div>
      <label
        className="flex md:block"
      >
        <input
          className="md:hidden"
          type="checkbox"
        />
        <span
          className="checked flex items-center justify-center text-center  md:border-2 md:border-black border-0 p-3 rounded h-16  font-Rubik font-medium sm:text-base text-xs"
        >
          Good Health And Well-Being
        </span>
      </label>
    </div>
    <div>
      <label
        className="flex md:block"
      >
        <input
          className="md:hidden"
          type="checkbox"
        />
        <span
          className="checked flex items-center justify-center text-center  md:border-2 md:border-black border-0 p-3 rounded h-16  font-Rubik font-medium sm:text-base text-xs"
        >
          Quality Education
        </span>
      </label>
    </div>
    <div>
      <label
        className="flex md:block"
      >
        <input
          className="md:hidden"
          type="checkbox"
        />
        <span
          className="checked flex items-center justify-center text-center  md:border-2 md:border-black border-0 p-3 rounded h-16  font-Rubik font-medium sm:text-base text-xs"
        >
          Gender Equality
        </span>
      </label>
    </div>
    <div>
      <label
        className="flex md:block"
      >
        <input
          className="md:hidden"
          type="checkbox"
        />
        <span
          className="checked flex items-center justify-center text-center  md:border-2 md:border-black border-0 p-3 rounded h-16  font-Rubik font-medium sm:text-base text-xs"
        >
          Clean Water And Sanitation
        </span>
      </label>
    </div>
    <div>
      <label
        className="flex md:block"
      >
        <input
          className="md:hidden"
          type="checkbox"
        />
        <span
          className="checked flex items-center justify-center text-center  md:border-2 md:border-black border-0 p-3 rounded h-16  font-Rubik font-medium sm:text-base text-xs"
        >
          Affordable And Clean Energy
        </span>
      </label>
    </div>
    <div>
      <label
        className="flex md:block"
      >
        <input
          className="md:hidden"
          type="checkbox"
        />
        <span
          className="checked flex items-center justify-center text-center  md:border-2 md:border-black border-0 p-3 rounded h-16  font-Rubik font-medium sm:text-base text-xs"
        >
          Decent Work And Economic Growth
        </span>
      </label>
    </div>
    <div>
      <label
        className="flex md:block"
      >
        <input
          className="md:hidden"
          type="checkbox"
        />
        <span
          className="checked flex items-center justify-center text-center  md:border-2 md:border-black border-0 p-3 rounded h-16  font-Rubik font-medium sm:text-base text-xs"
        >
          Industry Innovation And Infrastructure
        </span>
      </label>
    </div>
    <div>
      <label
        className="flex md:block"
      >
        <input
          className="md:hidden"
          type="checkbox"
        />
        <span
          className="checked flex items-center justify-center text-center  md:border-2 md:border-black border-0 p-3 rounded h-16  font-Rubik font-medium sm:text-base text-xs"
        >
          Reduced Inequalities
        </span>
      </label>
    </div>
    <div>
      <label
        className="flex md:block"
      >
        <input
          className="md:hidden"
          type="checkbox"
        />
        <span
          className="checked flex items-center justify-center text-center  md:border-2 md:border-black border-0 p-3 rounded h-16  font-Rubik font-medium sm:text-base text-xs"
        >
          Sustainable Cities And Communities
        </span>
      </label>
    </div>
    <div>
      <label
        className="flex md:block"
      >
        <input
          className="md:hidden"
          type="checkbox"
        />
        <span
          className="checked flex items-center justify-center text-center  md:border-2 md:border-black border-0 p-3 rounded h-16  font-Rubik font-medium sm:text-base text-xs"
        >
          Responsible Consumption And Production
        </span>
      </label>
    </div>
    <div>
      <label
        className="flex md:block"
      >
        <input
          className="md:hidden"
          type="checkbox"
        />
        <span
          className="checked flex items-center justify-center text-center  md:border-2 md:border-black border-0 p-3 rounded h-16  font-Rubik font-medium sm:text-base text-xs"
        >
          Climate Action
        </span>
      </label>
    </div>
    <div>
      <label
        className="flex md:block"
      >
        <input
          className="md:hidden"
          type="checkbox"
        />
        <span
          className="checked flex items-center justify-center text-center  md:border-2 md:border-black border-0 p-3 rounded h-16  font-Rubik font-medium sm:text-base text-xs"
        >
          Life Below Water
        </span>
      </label>
    </div>
    <div>
      <label
        className="flex md:block"
      >
        <input
          className="md:hidden"
          type="checkbox"
        />
        <span
          className="checked flex items-center justify-center text-center  md:border-2 md:border-black border-0 p-3 rounded h-16  font-Rubik font-medium sm:text-base text-xs"
        >
          Life On Land
        </span>
      </label>
    </div>
    <div>
      <label
        className="flex md:block"
      >
        <input
          className="md:hidden"
          type="checkbox"
        />
        <span
          className="checked flex items-center justify-center text-center  md:border-2 md:border-black border-0 p-3 rounded h-16  font-Rubik font-medium sm:text-base text-xs"
        >
          Peace And Justice And Strong Institutions
        </span>
      </label>
    </div>
  </div>
</div>
`;
