// Jest Snapshot v1, https://goo.gl/fbAQLP

exports[`renders correctly 1`] = `
<div
  className="md:w-64 sm:w-56 w-full bg-white sm:h-full h-[50%] overflow-auto scrollbar fixed sm:static sm:z-0 z-50 top-1/2 left-1/2 sm:transform-none transform -translate-x-1/2 shadow-inner sm:shadow-none shadow-gray-700 rounded-lg"
>
  <div
    className="grid grid-cols-1 gap-2 "
  >
    <p
      className="font-medium font-Rubik underline text-center sm:block hidden"
    >
      Pick Your Interest
    </p>
    <p
      className="font-medium font-Rubik text-center block sm:hidden text-lg my-2"
    >
      Change Interset
    </p>
    <div>
      <label
        className="flex sm:block"
      >
        <input
          className="sm:hidden sm:m-0 m-6"
          type="checkbox"
        />
        <span
          className="checked flex items-center justify-center text-center  sm:border-2 sm:border-black border-0 md:p-3 rounded h-16  font-Rubik font-medium sm:text-base text-xs ml-2"
        >
          All
        </span>
      </label>
    </div>
    <div>
      <label
        className="flex sm:block"
      >
        <input
          className="sm:hidden sm:m-0 m-6"
          type="checkbox"
        />
        <span
          className="checked flex items-center justify-center text-center  sm:border-2 sm:border-black border-0 md:p-3 rounded h-16  font-Rubik font-medium sm:text-base text-xs ml-2"
        >
          No Poverty
        </span>
      </label>
    </div>
    <div>
      <label
        className="flex sm:block"
      >
        <input
          className="sm:hidden sm:m-0 m-6"
          type="checkbox"
        />
        <span
          className="checked flex items-center justify-center text-center  sm:border-2 sm:border-black border-0 md:p-3 rounded h-16  font-Rubik font-medium sm:text-base text-xs ml-2"
        >
          Zero Hunger
        </span>
      </label>
    </div>
    <div>
      <label
        className="flex sm:block"
      >
        <input
          className="sm:hidden sm:m-0 m-6"
          type="checkbox"
        />
        <span
          className="checked flex items-center justify-center text-center  sm:border-2 sm:border-black border-0 md:p-3 rounded h-16  font-Rubik font-medium sm:text-base text-xs ml-2"
        >
          Good Health And Well-Being
        </span>
      </label>
    </div>
    <div>
      <label
        className="flex sm:block"
      >
        <input
          className="sm:hidden sm:m-0 m-6"
          type="checkbox"
        />
        <span
          className="checked flex items-center justify-center text-center  sm:border-2 sm:border-black border-0 md:p-3 rounded h-16  font-Rubik font-medium sm:text-base text-xs ml-2"
        >
          Quality Education
        </span>
      </label>
    </div>
    <div>
      <label
        className="flex sm:block"
      >
        <input
          className="sm:hidden sm:m-0 m-6"
          type="checkbox"
        />
        <span
          className="checked flex items-center justify-center text-center  sm:border-2 sm:border-black border-0 md:p-3 rounded h-16  font-Rubik font-medium sm:text-base text-xs ml-2"
        >
          Gender Equality
        </span>
      </label>
    </div>
    <div>
      <label
        className="flex sm:block"
      >
        <input
          className="sm:hidden sm:m-0 m-6"
          type="checkbox"
        />
        <span
          className="checked flex items-center justify-center text-center  sm:border-2 sm:border-black border-0 md:p-3 rounded h-16  font-Rubik font-medium sm:text-base text-xs ml-2"
        >
          Clean Water And Sanitation
        </span>
      </label>
    </div>
    <div>
      <label
        className="flex sm:block"
      >
        <input
          className="sm:hidden sm:m-0 m-6"
          type="checkbox"
        />
        <span
          className="checked flex items-center justify-center text-center  sm:border-2 sm:border-black border-0 md:p-3 rounded h-16  font-Rubik font-medium sm:text-base text-xs ml-2"
        >
          Affordable And Clean Energy
        </span>
      </label>
    </div>
    <div>
      <label
        className="flex sm:block"
      >
        <input
          className="sm:hidden sm:m-0 m-6"
          type="checkbox"
        />
        <span
          className="checked flex items-center justify-center text-center  sm:border-2 sm:border-black border-0 md:p-3 rounded h-16  font-Rubik font-medium sm:text-base text-xs ml-2"
        >
          Decent Work And Economic Growth
        </span>
      </label>
    </div>
    <div>
      <label
        className="flex sm:block"
      >
        <input
          className="sm:hidden sm:m-0 m-6"
          type="checkbox"
        />
        <span
          className="checked flex items-center justify-center text-center  sm:border-2 sm:border-black border-0 md:p-3 rounded h-16  font-Rubik font-medium sm:text-base text-xs ml-2"
        >
          Industry Innovation And Infrastructure
        </span>
      </label>
    </div>
    <div>
      <label
        className="flex sm:block"
      >
        <input
          className="sm:hidden sm:m-0 m-6"
          type="checkbox"
        />
        <span
          className="checked flex items-center justify-center text-center  sm:border-2 sm:border-black border-0 md:p-3 rounded h-16  font-Rubik font-medium sm:text-base text-xs ml-2"
        >
          Reduced Inequalities
        </span>
      </label>
    </div>
    <div>
      <label
        className="flex sm:block"
      >
        <input
          className="sm:hidden sm:m-0 m-6"
          type="checkbox"
        />
        <span
          className="checked flex items-center justify-center text-center  sm:border-2 sm:border-black border-0 md:p-3 rounded h-16  font-Rubik font-medium sm:text-base text-xs ml-2"
        >
          Sustainable Cities And Communities
        </span>
      </label>
    </div>
    <div>
      <label
        className="flex sm:block"
      >
        <input
          className="sm:hidden sm:m-0 m-6"
          type="checkbox"
        />
        <span
          className="checked flex items-center justify-center text-center  sm:border-2 sm:border-black border-0 md:p-3 rounded h-16  font-Rubik font-medium sm:text-base text-xs ml-2"
        >
          Responsible Consumption And Production
        </span>
      </label>
    </div>
    <div>
      <label
        className="flex sm:block"
      >
        <input
          className="sm:hidden sm:m-0 m-6"
          type="checkbox"
        />
        <span
          className="checked flex items-center justify-center text-center  sm:border-2 sm:border-black border-0 md:p-3 rounded h-16  font-Rubik font-medium sm:text-base text-xs ml-2"
        >
          Climate Action
        </span>
      </label>
    </div>
    <div>
      <label
        className="flex sm:block"
      >
        <input
          className="sm:hidden sm:m-0 m-6"
          type="checkbox"
        />
        <span
          className="checked flex items-center justify-center text-center  sm:border-2 sm:border-black border-0 md:p-3 rounded h-16  font-Rubik font-medium sm:text-base text-xs ml-2"
        >
          Life Below Water
        </span>
      </label>
    </div>
    <div>
      <label
        className="flex sm:block"
      >
        <input
          className="sm:hidden sm:m-0 m-6"
          type="checkbox"
        />
        <span
          className="checked flex items-center justify-center text-center  sm:border-2 sm:border-black border-0 md:p-3 rounded h-16  font-Rubik font-medium sm:text-base text-xs ml-2"
        >
          Life On Land
        </span>
      </label>
    </div>
    <div>
      <label
        className="flex sm:block"
      >
        <input
          className="sm:hidden sm:m-0 m-6"
          type="checkbox"
        />
        <span
          className="checked flex items-center justify-center text-center  sm:border-2 sm:border-black border-0 md:p-3 rounded h-16  font-Rubik font-medium sm:text-base text-xs ml-2"
        >
          Peace And Justice And Strong Institutions
        </span>
      </label>
    </div>
  </div>
</div>
`;
