// Jest Snapshot v1, https://goo.gl/fbAQLP

exports[`renders correctly 1`] = `
<div
  className="border-2 border-black rounded-lg md:px-4 mb-6 mt-3 font-Rubik w-full"
>
  <div
    className="flex md:justify-between md:flex-row flex-col justify-center items-center"
  >
    <div>
      <p
        className="pt-2"
      />
    </div>
    <div
      className=" pt-2"
    >
      <div
        className="flex flex-row items-center"
      >
        <p
          className="font-Rubik p-2"
        >
          +
           Attendance
        </p>
      </div>
    </div>
  </div>
  <div
    className="grid sm:grid-cols-3 align-items-center gap-4 p-4"
  >
    <div>
      <div>
        <img
          className="rounded border-2 border-black w-64 md:h-36 h-24"
          height={380}
          src=""
          width={650}
        />
      </div>
    </div>
    <div
      className="col-span-2 flex flex-col"
    >
      <a
        href="/eventPage/undefined"
        onClick={[Function]}
        onMouseEnter={[Function]}
        onTouchStart={[Function]}
      >
        <p
          className="font-medium"
        />
      </a>
      <p
        className="font-normal text-ellipsis overflow-hidden  w-80 sm:w-full"
      />
      <div
        className="flex justify-end py-5"
      >
        <button
          className="bg-primary-orange text-white rounded px-8 py-1 "
        >
          Join
        </button>
      </div>
    </div>
  </div>
</div>
`;
