// Jest Snapshot v1, https://goo.gl/fbAQLP

exports[`renders correctly 1`] = `
Array [
  <div
    className="container mx-auto px-6 pt-12 pb-4 grid lg:grid-cols-2 gap-10  grid-cols-1 font-Rubik"
  >
    <div
      className="relative flex flex-col align-content-center justify-center align-items-start text-center lg:text-start"
      data-aos="fade-right"
    >
      <div
        className="md:absolute top-14 left-0 right-0 bottom-0 static"
      >
        <div
          className="flex flex-col md:pt-20 pt-5"
        >
          <p
            className="text-4xl font-medium p-2"
          >
            home.hiro.title
          </p>
          <p
            className="text-2xl text-primary-gray px-2 font-normal"
          >
            home.hiro.describtion
          </p>
        </div>
        <div
          className="pt-10 "
        >
          <div>
            <a
              className="w-80 h-7 py-2.5 px-4 rounded-lg overflow-hidden group bg-primary-blue relative hover:bg-gradient-to-r hover:from-primary-blue hover:to-blue-200 text-white text-xl font-medium hover:ring-2 hover:ring-offset-2 hover:ring-primary-blue transition-all ease-out duration-300"
              href="/signup"
              onClick={[Function]}
              onMouseEnter={[Function]}
              onTouchStart={[Function]}
            >
              <span
                class="absolute right-0 w-8 h-32 -mt-12 transition-all duration-1000 transform translate-x-12 bg-white opacity-10 rotate-12 group-hover:-translate-x-40 ease"
              />
              <span
                class="relative"
              >
                home.GetStarted
              </span>
            </a>
          </div>
        </div>
      </div>
    </div>
    <div
      className="overflow-hidden"
      data-aos="fade-left"
    >
      <img
        alt="hiro"
        className="object-cover rounded-xl"
        data-nimg="1"
        decoding="async"
        height={638}
        loading="lazy"
        onError={[Function]}
        onLoad={[Function]}
        src="/_next/image?url=%2Fimages%2FImage.png&w=1920&q=75"
        srcSet="/_next/image?url=%2Fimages%2FImage.png&w=640&q=75 1x, /_next/image?url=%2Fimages%2FImage.png&w=1920&q=75 2x"
        style={
          Object {
            "color": "transparent",
          }
        }
        width={638}
      />
    </div>
  </div>,
  <p
    className="text-4xl text-center py-16 font-Rubik font-medium "
  >
    home.Howitwork
  </p>,
  <div
    className="container mx-auto md:px-32 px-10 pt-12 pb-4 grid lg:grid-cols-3 gap-10 grid-cols-1 font-Rubik"
  >
    <div
      className="flex flex-col items-center font-Rubik"
    >
      <div
        className="relative w-52 h-52"
      >
        <img
          alt="profile"
          className="object-contain rounded-xl"
          data-aos="zoom-in"
          data-nimg="fill"
          decoding="async"
          loading="lazy"
          onError={[Function]}
          onLoad={[Function]}
          sizes="100vw"
          src="/_next/image?url=%2Fimages%2FManTop.png&w=3840&q=75"
          srcSet="/_next/image?url=%2Fimages%2FManTop.png&w=640&q=75 640w, /_next/image?url=%2Fimages%2FManTop.png&w=750&q=75 750w, /_next/image?url=%2Fimages%2FManTop.png&w=828&q=75 828w, /_next/image?url=%2Fimages%2FManTop.png&w=1080&q=75 1080w, /_next/image?url=%2Fimages%2FManTop.png&w=1200&q=75 1200w, /_next/image?url=%2Fimages%2FManTop.png&w=1920&q=75 1920w, /_next/image?url=%2Fimages%2FManTop.png&w=2048&q=75 2048w, /_next/image?url=%2Fimages%2FManTop.png&w=3840&q=75 3840w"
          style={
            Object {
              "bottom": 0,
              "color": "transparent",
              "height": "100%",
              "left": 0,
              "objectFit": undefined,
              "objectPosition": undefined,
              "position": "absolute",
              "right": 0,
              "top": 0,
              "width": "100%",
            }
          }
        />
      </div>
      <div
        className="flex flex-col gap-2"
      >
        <p
          className="text-3xl text-center font-medium "
          data-aos="fade-up"
        >
          home.Register
        </p>
        <p
          className="text-lg text-primary-gray text-center font-normal"
          data-aos="fade-up"
        >
          home.RegisterDesc
        </p>
        <a
          className="flex justify-center items-center"
          data-aos="fade-up"
          herf="/signup"
        >
          <p
            className=" text-xl p-2 font-medium"
          >
            Navbar.SignUp
             
          </p>
          <svg
            className="w-6 h-4 "
            fill="none"
            viewBox="0 0 12 20"
            xmlns="http://www.w3.org/2000/svg"
          >
            <path
              d="M11.669 18.2567C12.0795 18.6262 12.1128 19.2585 11.7433 19.669C11.3738 20.0795 10.7415 20.1128 10.331 19.7433L0.331035 10.7433C-0.110345 10.3461 -0.110345 9.65396 0.331035 9.25671L10.331 0.256714C10.7415 -0.112745 11.3738 -0.0794662 11.7433 0.331044C12.1128 0.741554 12.0795 1.37384 11.669 1.7433L2.49485 10L11.669 18.2567Z"
              fill="#1A1A1A"
            />
          </svg>
        </a>
      </div>
    </div>
    <div
      className="flex flex-col items-center font-Rubik"
    >
      <div
        className="relative w-52 h-52"
      >
        <img
          alt="profile"
          className="object-contain rounded-xl"
          data-aos="zoom-in"
          data-nimg="fill"
          decoding="async"
          loading="lazy"
          onError={[Function]}
          onLoad={[Function]}
          sizes="100vw"
          src="/_next/image?url=%2Fimages%2Fattend.png&w=3840&q=75"
          srcSet="/_next/image?url=%2Fimages%2Fattend.png&w=640&q=75 640w, /_next/image?url=%2Fimages%2Fattend.png&w=750&q=75 750w, /_next/image?url=%2Fimages%2Fattend.png&w=828&q=75 828w, /_next/image?url=%2Fimages%2Fattend.png&w=1080&q=75 1080w, /_next/image?url=%2Fimages%2Fattend.png&w=1200&q=75 1200w, /_next/image?url=%2Fimages%2Fattend.png&w=1920&q=75 1920w, /_next/image?url=%2Fimages%2Fattend.png&w=2048&q=75 2048w, /_next/image?url=%2Fimages%2Fattend.png&w=3840&q=75 3840w"
          style={
            Object {
              "bottom": 0,
              "color": "transparent",
              "height": "100%",
              "left": 0,
              "objectFit": undefined,
              "objectPosition": undefined,
              "position": "absolute",
              "right": 0,
              "top": 0,
              "width": "100%",
            }
          }
        />
      </div>
      <div
        className="flex flex-col gap-2"
      >
        <p
          className="text-3xl text-center font-medium "
          data-aos="fade-up"
        >
          home.Attendevevts
        </p>
        <p
          className="text-lg text-primary-gray text-center font-normal"
          data-aos="fade-up"
        >
          home.AttendeDesc
        </p>
        <a
          className="flex justify-center items-center"
          data-aos="fade-up"
          herf="/events"
        >
          <p
            className=" text-xl p-2 font-medium"
          >
            home.Viewevents
             
          </p>
          <svg
            className="w-6 h-4 "
            fill="none"
            viewBox="0 0 12 20"
            xmlns="http://www.w3.org/2000/svg"
          >
            <path
              d="M11.669 18.2567C12.0795 18.6262 12.1128 19.2585 11.7433 19.669C11.3738 20.0795 10.7415 20.1128 10.331 19.7433L0.331035 10.7433C-0.110345 10.3461 -0.110345 9.65396 0.331035 9.25671L10.331 0.256714C10.7415 -0.112745 11.3738 -0.0794662 11.7433 0.331044C12.1128 0.741554 12.0795 1.37384 11.669 1.7433L2.49485 10L11.669 18.2567Z"
              fill="#1A1A1A"
            />
          </svg>
        </a>
      </div>
    </div>
    <div
      className="flex flex-col items-center font-Rubik"
    >
      <div
        className="relative w-52 h-52"
      >
        <img
          alt="profile"
          className="object-contain rounded-xl"
          data-aos="zoom-in"
          data-nimg="fill"
          decoding="async"
          loading="lazy"
          onError={[Function]}
          onLoad={[Function]}
          sizes="100vw"
          src="/_next/image?url=%2Fimages%2FGirl.png&w=3840&q=75"
          srcSet="/_next/image?url=%2Fimages%2FGirl.png&w=640&q=75 640w, /_next/image?url=%2Fimages%2FGirl.png&w=750&q=75 750w, /_next/image?url=%2Fimages%2FGirl.png&w=828&q=75 828w, /_next/image?url=%2Fimages%2FGirl.png&w=1080&q=75 1080w, /_next/image?url=%2Fimages%2FGirl.png&w=1200&q=75 1200w, /_next/image?url=%2Fimages%2FGirl.png&w=1920&q=75 1920w, /_next/image?url=%2Fimages%2FGirl.png&w=2048&q=75 2048w, /_next/image?url=%2Fimages%2FGirl.png&w=3840&q=75 3840w"
          style={
            Object {
              "bottom": 0,
              "color": "transparent",
              "height": "100%",
              "left": 0,
              "objectFit": undefined,
              "objectPosition": undefined,
              "position": "absolute",
              "right": 0,
              "top": 0,
              "width": "100%",
            }
          }
        />
      </div>
      <div
        className="flex flex-col gap-2"
      >
        <p
          className="text-3xl text-center font-medium "
          data-aos="fade-up"
        >
          home.Organizeyourown
        </p>
        <p
          className="text-lg text-primary-gray text-center font-normal"
          data-aos="fade-up"
        >
          home.OrganizeyourownDesc
        </p>
        <a
          className="flex justify-center items-center"
          data-aos="fade-up"
          herf="/signup"
        >
          <p
            className=" text-xl p-2 font-medium"
          >
            home.GetStarted
             
          </p>
          <svg
            className="w-6 h-4 "
            fill="none"
            viewBox="0 0 12 20"
            xmlns="http://www.w3.org/2000/svg"
          >
            <path
              d="M11.669 18.2567C12.0795 18.6262 12.1128 19.2585 11.7433 19.669C11.3738 20.0795 10.7415 20.1128 10.331 19.7433L0.331035 10.7433C-0.110345 10.3461 -0.110345 9.65396 0.331035 9.25671L10.331 0.256714C10.7415 -0.112745 11.3738 -0.0794662 11.7433 0.331044C12.1128 0.741554 12.0795 1.37384 11.669 1.7433L2.49485 10L11.669 18.2567Z"
              fill="#1A1A1A"
            />
          </svg>
        </a>
      </div>
    </div>
  </div>,
  <p
    className="text-4xl text-center pt-28 pb-5 font-Rubik font-medium"
  >
    home.SustainableDevlopmentGoals
  </p>,
  <p
    className="md:px-40 px-10  text-xl text-primary-gray text-center font-Rubik font-normal"
  >
    home.goals
  </p>,
  <div
    className="container mx-auto md:px-32 px-20 pt-12 pb-4 grid lg:grid-cols-6 gap-5 md:grid-cols-4 grid-cols-2 items-center font-Rubik"
  >
    <div
      className="relative w-32 h-32"
    >
      <img
        alt="profile"
        className="object-contain rounded-xl"
        data-nimg="fill"
        decoding="async"
        loading="lazy"
        onError={[Function]}
        onLoad={[Function]}
        sizes="100vw"
        src="/_next/image?url=%2Fimages%2F1.png&w=3840&q=75"
        srcSet="/_next/image?url=%2Fimages%2F1.png&w=640&q=75 640w, /_next/image?url=%2Fimages%2F1.png&w=750&q=75 750w, /_next/image?url=%2Fimages%2F1.png&w=828&q=75 828w, /_next/image?url=%2Fimages%2F1.png&w=1080&q=75 1080w, /_next/image?url=%2Fimages%2F1.png&w=1200&q=75 1200w, /_next/image?url=%2Fimages%2F1.png&w=1920&q=75 1920w, /_next/image?url=%2Fimages%2F1.png&w=2048&q=75 2048w, /_next/image?url=%2Fimages%2F1.png&w=3840&q=75 3840w"
        style={
          Object {
            "bottom": 0,
            "color": "transparent",
            "height": "100%",
            "left": 0,
            "objectFit": undefined,
            "objectPosition": undefined,
            "position": "absolute",
            "right": 0,
            "top": 0,
            "width": "100%",
          }
        }
      />
    </div>
    <div
      className="relative w-32 h-32"
    >
      <img
        alt="profile"
        className="object-contain rounded-xl"
        data-nimg="fill"
        decoding="async"
        loading="lazy"
        onError={[Function]}
        onLoad={[Function]}
        sizes="100vw"
        src="/_next/image?url=%2Fimages%2F2.png&w=3840&q=75"
        srcSet="/_next/image?url=%2Fimages%2F2.png&w=640&q=75 640w, /_next/image?url=%2Fimages%2F2.png&w=750&q=75 750w, /_next/image?url=%2Fimages%2F2.png&w=828&q=75 828w, /_next/image?url=%2Fimages%2F2.png&w=1080&q=75 1080w, /_next/image?url=%2Fimages%2F2.png&w=1200&q=75 1200w, /_next/image?url=%2Fimages%2F2.png&w=1920&q=75 1920w, /_next/image?url=%2Fimages%2F2.png&w=2048&q=75 2048w, /_next/image?url=%2Fimages%2F2.png&w=3840&q=75 3840w"
        style={
          Object {
            "bottom": 0,
            "color": "transparent",
            "height": "100%",
            "left": 0,
            "objectFit": undefined,
            "objectPosition": undefined,
            "position": "absolute",
            "right": 0,
            "top": 0,
            "width": "100%",
          }
        }
      />
    </div>
    <div
      className="relative w-32 h-32"
    >
      <img
        alt="profile"
        className="object-contain rounded-xl"
        data-nimg="fill"
        decoding="async"
        loading="lazy"
        onError={[Function]}
        onLoad={[Function]}
        sizes="100vw"
        src="/_next/image?url=%2Fimages%2F3.png&w=3840&q=75"
        srcSet="/_next/image?url=%2Fimages%2F3.png&w=640&q=75 640w, /_next/image?url=%2Fimages%2F3.png&w=750&q=75 750w, /_next/image?url=%2Fimages%2F3.png&w=828&q=75 828w, /_next/image?url=%2Fimages%2F3.png&w=1080&q=75 1080w, /_next/image?url=%2Fimages%2F3.png&w=1200&q=75 1200w, /_next/image?url=%2Fimages%2F3.png&w=1920&q=75 1920w, /_next/image?url=%2Fimages%2F3.png&w=2048&q=75 2048w, /_next/image?url=%2Fimages%2F3.png&w=3840&q=75 3840w"
        style={
          Object {
            "bottom": 0,
            "color": "transparent",
            "height": "100%",
            "left": 0,
            "objectFit": undefined,
            "objectPosition": undefined,
            "position": "absolute",
            "right": 0,
            "top": 0,
            "width": "100%",
          }
        }
      />
    </div>
    <div
      className="relative w-32 h-32"
    >
      <img
        alt="profile"
        className="object-contain rounded-xl"
        data-nimg="fill"
        decoding="async"
        loading="lazy"
        onError={[Function]}
        onLoad={[Function]}
        sizes="100vw"
        src="/_next/image?url=%2Fimages%2F4.png&w=3840&q=75"
        srcSet="/_next/image?url=%2Fimages%2F4.png&w=640&q=75 640w, /_next/image?url=%2Fimages%2F4.png&w=750&q=75 750w, /_next/image?url=%2Fimages%2F4.png&w=828&q=75 828w, /_next/image?url=%2Fimages%2F4.png&w=1080&q=75 1080w, /_next/image?url=%2Fimages%2F4.png&w=1200&q=75 1200w, /_next/image?url=%2Fimages%2F4.png&w=1920&q=75 1920w, /_next/image?url=%2Fimages%2F4.png&w=2048&q=75 2048w, /_next/image?url=%2Fimages%2F4.png&w=3840&q=75 3840w"
        style={
          Object {
            "bottom": 0,
            "color": "transparent",
            "height": "100%",
            "left": 0,
            "objectFit": undefined,
            "objectPosition": undefined,
            "position": "absolute",
            "right": 0,
            "top": 0,
            "width": "100%",
          }
        }
      />
    </div>
    <div
      className="relative w-32 h-32"
    >
      <img
        alt="profile"
        className="object-contain rounded-xl"
        data-nimg="fill"
        decoding="async"
        loading="lazy"
        onError={[Function]}
        onLoad={[Function]}
        sizes="100vw"
        src="/_next/image?url=%2Fimages%2F5.png&w=3840&q=75"
        srcSet="/_next/image?url=%2Fimages%2F5.png&w=640&q=75 640w, /_next/image?url=%2Fimages%2F5.png&w=750&q=75 750w, /_next/image?url=%2Fimages%2F5.png&w=828&q=75 828w, /_next/image?url=%2Fimages%2F5.png&w=1080&q=75 1080w, /_next/image?url=%2Fimages%2F5.png&w=1200&q=75 1200w, /_next/image?url=%2Fimages%2F5.png&w=1920&q=75 1920w, /_next/image?url=%2Fimages%2F5.png&w=2048&q=75 2048w, /_next/image?url=%2Fimages%2F5.png&w=3840&q=75 3840w"
        style={
          Object {
            "bottom": 0,
            "color": "transparent",
            "height": "100%",
            "left": 0,
            "objectFit": undefined,
            "objectPosition": undefined,
            "position": "absolute",
            "right": 0,
            "top": 0,
            "width": "100%",
          }
        }
      />
    </div>
    <div
      className="relative w-32 h-32"
    >
      <img
        alt="profile"
        className="object-contain rounded-xl"
        data-nimg="fill"
        decoding="async"
        loading="lazy"
        onError={[Function]}
        onLoad={[Function]}
        sizes="100vw"
        src="/_next/image?url=%2Fimages%2F6.png&w=3840&q=75"
        srcSet="/_next/image?url=%2Fimages%2F6.png&w=640&q=75 640w, /_next/image?url=%2Fimages%2F6.png&w=750&q=75 750w, /_next/image?url=%2Fimages%2F6.png&w=828&q=75 828w, /_next/image?url=%2Fimages%2F6.png&w=1080&q=75 1080w, /_next/image?url=%2Fimages%2F6.png&w=1200&q=75 1200w, /_next/image?url=%2Fimages%2F6.png&w=1920&q=75 1920w, /_next/image?url=%2Fimages%2F6.png&w=2048&q=75 2048w, /_next/image?url=%2Fimages%2F6.png&w=3840&q=75 3840w"
        style={
          Object {
            "bottom": 0,
            "color": "transparent",
            "height": "100%",
            "left": 0,
            "objectFit": undefined,
            "objectPosition": undefined,
            "position": "absolute",
            "right": 0,
            "top": 0,
            "width": "100%",
          }
        }
      />
    </div>
    <div
      className="relative w-32 h-32"
    >
      <img
        alt="profile"
        className="object-contain rounded-xl"
        data-nimg="fill"
        decoding="async"
        loading="lazy"
        onError={[Function]}
        onLoad={[Function]}
        sizes="100vw"
        src="/_next/image?url=%2Fimages%2F7.png&w=3840&q=75"
        srcSet="/_next/image?url=%2Fimages%2F7.png&w=640&q=75 640w, /_next/image?url=%2Fimages%2F7.png&w=750&q=75 750w, /_next/image?url=%2Fimages%2F7.png&w=828&q=75 828w, /_next/image?url=%2Fimages%2F7.png&w=1080&q=75 1080w, /_next/image?url=%2Fimages%2F7.png&w=1200&q=75 1200w, /_next/image?url=%2Fimages%2F7.png&w=1920&q=75 1920w, /_next/image?url=%2Fimages%2F7.png&w=2048&q=75 2048w, /_next/image?url=%2Fimages%2F7.png&w=3840&q=75 3840w"
        style={
          Object {
            "bottom": 0,
            "color": "transparent",
            "height": "100%",
            "left": 0,
            "objectFit": undefined,
            "objectPosition": undefined,
            "position": "absolute",
            "right": 0,
            "top": 0,
            "width": "100%",
          }
        }
      />
    </div>
    <div
      className="relative w-32 h-32"
    >
      <img
        alt="profile"
        className="object-contain rounded-xl"
        data-nimg="fill"
        decoding="async"
        loading="lazy"
        onError={[Function]}
        onLoad={[Function]}
        sizes="100vw"
        src="/_next/image?url=%2Fimages%2F8.png&w=3840&q=75"
        srcSet="/_next/image?url=%2Fimages%2F8.png&w=640&q=75 640w, /_next/image?url=%2Fimages%2F8.png&w=750&q=75 750w, /_next/image?url=%2Fimages%2F8.png&w=828&q=75 828w, /_next/image?url=%2Fimages%2F8.png&w=1080&q=75 1080w, /_next/image?url=%2Fimages%2F8.png&w=1200&q=75 1200w, /_next/image?url=%2Fimages%2F8.png&w=1920&q=75 1920w, /_next/image?url=%2Fimages%2F8.png&w=2048&q=75 2048w, /_next/image?url=%2Fimages%2F8.png&w=3840&q=75 3840w"
        style={
          Object {
            "bottom": 0,
            "color": "transparent",
            "height": "100%",
            "left": 0,
            "objectFit": undefined,
            "objectPosition": undefined,
            "position": "absolute",
            "right": 0,
            "top": 0,
            "width": "100%",
          }
        }
      />
    </div>
    <div
      className="relative w-32 h-32"
    >
      <img
        alt="profile"
        className="object-contain rounded-xl"
        data-nimg="fill"
        decoding="async"
        loading="lazy"
        onError={[Function]}
        onLoad={[Function]}
        sizes="100vw"
        src="/_next/image?url=%2Fimages%2F9.png&w=3840&q=75"
        srcSet="/_next/image?url=%2Fimages%2F9.png&w=640&q=75 640w, /_next/image?url=%2Fimages%2F9.png&w=750&q=75 750w, /_next/image?url=%2Fimages%2F9.png&w=828&q=75 828w, /_next/image?url=%2Fimages%2F9.png&w=1080&q=75 1080w, /_next/image?url=%2Fimages%2F9.png&w=1200&q=75 1200w, /_next/image?url=%2Fimages%2F9.png&w=1920&q=75 1920w, /_next/image?url=%2Fimages%2F9.png&w=2048&q=75 2048w, /_next/image?url=%2Fimages%2F9.png&w=3840&q=75 3840w"
        style={
          Object {
            "bottom": 0,
            "color": "transparent",
            "height": "100%",
            "left": 0,
            "objectFit": undefined,
            "objectPosition": undefined,
            "position": "absolute",
            "right": 0,
            "top": 0,
            "width": "100%",
          }
        }
      />
    </div>
    <div
      className="relative w-32 h-32"
    >
      <img
        alt="profile"
        className="object-contain rounded-xl"
        data-nimg="fill"
        decoding="async"
        loading="lazy"
        onError={[Function]}
        onLoad={[Function]}
        sizes="100vw"
        src="/_next/image?url=%2Fimages%2F10.png&w=3840&q=75"
        srcSet="/_next/image?url=%2Fimages%2F10.png&w=640&q=75 640w, /_next/image?url=%2Fimages%2F10.png&w=750&q=75 750w, /_next/image?url=%2Fimages%2F10.png&w=828&q=75 828w, /_next/image?url=%2Fimages%2F10.png&w=1080&q=75 1080w, /_next/image?url=%2Fimages%2F10.png&w=1200&q=75 1200w, /_next/image?url=%2Fimages%2F10.png&w=1920&q=75 1920w, /_next/image?url=%2Fimages%2F10.png&w=2048&q=75 2048w, /_next/image?url=%2Fimages%2F10.png&w=3840&q=75 3840w"
        style={
          Object {
            "bottom": 0,
            "color": "transparent",
            "height": "100%",
            "left": 0,
            "objectFit": undefined,
            "objectPosition": undefined,
            "position": "absolute",
            "right": 0,
            "top": 0,
            "width": "100%",
          }
        }
      />
    </div>
    <div
      className="relative w-32 h-32"
    >
      <img
        alt="profile"
        className="object-contain rounded-xl"
        data-nimg="fill"
        decoding="async"
        loading="lazy"
        onError={[Function]}
        onLoad={[Function]}
        sizes="100vw"
        src="/_next/image?url=%2Fimages%2F11.png&w=3840&q=75"
        srcSet="/_next/image?url=%2Fimages%2F11.png&w=640&q=75 640w, /_next/image?url=%2Fimages%2F11.png&w=750&q=75 750w, /_next/image?url=%2Fimages%2F11.png&w=828&q=75 828w, /_next/image?url=%2Fimages%2F11.png&w=1080&q=75 1080w, /_next/image?url=%2Fimages%2F11.png&w=1200&q=75 1200w, /_next/image?url=%2Fimages%2F11.png&w=1920&q=75 1920w, /_next/image?url=%2Fimages%2F11.png&w=2048&q=75 2048w, /_next/image?url=%2Fimages%2F11.png&w=3840&q=75 3840w"
        style={
          Object {
            "bottom": 0,
            "color": "transparent",
            "height": "100%",
            "left": 0,
            "objectFit": undefined,
            "objectPosition": undefined,
            "position": "absolute",
            "right": 0,
            "top": 0,
            "width": "100%",
          }
        }
      />
    </div>
    <div
      className="relative w-32 h-32"
    >
      <img
        alt="profile"
        className="object-contain rounded-xl"
        data-nimg="fill"
        decoding="async"
        loading="lazy"
        onError={[Function]}
        onLoad={[Function]}
        sizes="100vw"
        src="/_next/image?url=%2Fimages%2F12.png&w=3840&q=75"
        srcSet="/_next/image?url=%2Fimages%2F12.png&w=640&q=75 640w, /_next/image?url=%2Fimages%2F12.png&w=750&q=75 750w, /_next/image?url=%2Fimages%2F12.png&w=828&q=75 828w, /_next/image?url=%2Fimages%2F12.png&w=1080&q=75 1080w, /_next/image?url=%2Fimages%2F12.png&w=1200&q=75 1200w, /_next/image?url=%2Fimages%2F12.png&w=1920&q=75 1920w, /_next/image?url=%2Fimages%2F12.png&w=2048&q=75 2048w, /_next/image?url=%2Fimages%2F12.png&w=3840&q=75 3840w"
        style={
          Object {
            "bottom": 0,
            "color": "transparent",
            "height": "100%",
            "left": 0,
            "objectFit": undefined,
            "objectPosition": undefined,
            "position": "absolute",
            "right": 0,
            "top": 0,
            "width": "100%",
          }
        }
      />
    </div>
    <div
      className="relative w-32 h-32"
    >
      <img
        alt="profile"
        className="object-contain rounded-xl"
        data-nimg="fill"
        decoding="async"
        loading="lazy"
        onError={[Function]}
        onLoad={[Function]}
        sizes="100vw"
        src="/_next/image?url=%2Fimages%2F13.png&w=3840&q=75"
        srcSet="/_next/image?url=%2Fimages%2F13.png&w=640&q=75 640w, /_next/image?url=%2Fimages%2F13.png&w=750&q=75 750w, /_next/image?url=%2Fimages%2F13.png&w=828&q=75 828w, /_next/image?url=%2Fimages%2F13.png&w=1080&q=75 1080w, /_next/image?url=%2Fimages%2F13.png&w=1200&q=75 1200w, /_next/image?url=%2Fimages%2F13.png&w=1920&q=75 1920w, /_next/image?url=%2Fimages%2F13.png&w=2048&q=75 2048w, /_next/image?url=%2Fimages%2F13.png&w=3840&q=75 3840w"
        style={
          Object {
            "bottom": 0,
            "color": "transparent",
            "height": "100%",
            "left": 0,
            "objectFit": undefined,
            "objectPosition": undefined,
            "position": "absolute",
            "right": 0,
            "top": 0,
            "width": "100%",
          }
        }
      />
    </div>
    <div
      className="relative w-32 h-32"
    >
      <img
        alt="profile"
        className="object-contain rounded-xl"
        data-nimg="fill"
        decoding="async"
        loading="lazy"
        onError={[Function]}
        onLoad={[Function]}
        sizes="100vw"
        src="/_next/image?url=%2Fimages%2F14.png&w=3840&q=75"
        srcSet="/_next/image?url=%2Fimages%2F14.png&w=640&q=75 640w, /_next/image?url=%2Fimages%2F14.png&w=750&q=75 750w, /_next/image?url=%2Fimages%2F14.png&w=828&q=75 828w, /_next/image?url=%2Fimages%2F14.png&w=1080&q=75 1080w, /_next/image?url=%2Fimages%2F14.png&w=1200&q=75 1200w, /_next/image?url=%2Fimages%2F14.png&w=1920&q=75 1920w, /_next/image?url=%2Fimages%2F14.png&w=2048&q=75 2048w, /_next/image?url=%2Fimages%2F14.png&w=3840&q=75 3840w"
        style={
          Object {
            "bottom": 0,
            "color": "transparent",
            "height": "100%",
            "left": 0,
            "objectFit": undefined,
            "objectPosition": undefined,
            "position": "absolute",
            "right": 0,
            "top": 0,
            "width": "100%",
          }
        }
      />
    </div>
    <div
      className="relative w-32 h-32"
    >
      <img
        alt="profile"
        className="object-contain rounded-xl"
        data-nimg="fill"
        decoding="async"
        loading="lazy"
        onError={[Function]}
        onLoad={[Function]}
        sizes="100vw"
        src="/_next/image?url=%2Fimages%2F15.png&w=3840&q=75"
        srcSet="/_next/image?url=%2Fimages%2F15.png&w=640&q=75 640w, /_next/image?url=%2Fimages%2F15.png&w=750&q=75 750w, /_next/image?url=%2Fimages%2F15.png&w=828&q=75 828w, /_next/image?url=%2Fimages%2F15.png&w=1080&q=75 1080w, /_next/image?url=%2Fimages%2F15.png&w=1200&q=75 1200w, /_next/image?url=%2Fimages%2F15.png&w=1920&q=75 1920w, /_next/image?url=%2Fimages%2F15.png&w=2048&q=75 2048w, /_next/image?url=%2Fimages%2F15.png&w=3840&q=75 3840w"
        style={
          Object {
            "bottom": 0,
            "color": "transparent",
            "height": "100%",
            "left": 0,
            "objectFit": undefined,
            "objectPosition": undefined,
            "position": "absolute",
            "right": 0,
            "top": 0,
            "width": "100%",
          }
        }
      />
    </div>
    <div
      className="relative w-32 h-32"
    >
      <img
        alt="profile"
        className="object-contain rounded-xl"
        data-nimg="fill"
        decoding="async"
        loading="lazy"
        onError={[Function]}
        onLoad={[Function]}
        sizes="100vw"
        src="/_next/image?url=%2Fimages%2F16.png&w=3840&q=75"
        srcSet="/_next/image?url=%2Fimages%2F16.png&w=640&q=75 640w, /_next/image?url=%2Fimages%2F16.png&w=750&q=75 750w, /_next/image?url=%2Fimages%2F16.png&w=828&q=75 828w, /_next/image?url=%2Fimages%2F16.png&w=1080&q=75 1080w, /_next/image?url=%2Fimages%2F16.png&w=1200&q=75 1200w, /_next/image?url=%2Fimages%2F16.png&w=1920&q=75 1920w, /_next/image?url=%2Fimages%2F16.png&w=2048&q=75 2048w, /_next/image?url=%2Fimages%2F16.png&w=3840&q=75 3840w"
        style={
          Object {
            "bottom": 0,
            "color": "transparent",
            "height": "100%",
            "left": 0,
            "objectFit": undefined,
            "objectPosition": undefined,
            "position": "absolute",
            "right": 0,
            "top": 0,
            "width": "100%",
          }
        }
      />
    </div>
    <div
      className="relative w-32 h-32"
    >
      <img
        alt="profile"
        className="object-contain rounded-xl"
        data-nimg="fill"
        decoding="async"
        loading="lazy"
        onError={[Function]}
        onLoad={[Function]}
        sizes="100vw"
        src="/_next/image?url=%2Fimages%2F17.png&w=3840&q=75"
        srcSet="/_next/image?url=%2Fimages%2F17.png&w=640&q=75 640w, /_next/image?url=%2Fimages%2F17.png&w=750&q=75 750w, /_next/image?url=%2Fimages%2F17.png&w=828&q=75 828w, /_next/image?url=%2Fimages%2F17.png&w=1080&q=75 1080w, /_next/image?url=%2Fimages%2F17.png&w=1200&q=75 1200w, /_next/image?url=%2Fimages%2F17.png&w=1920&q=75 1920w, /_next/image?url=%2Fimages%2F17.png&w=2048&q=75 2048w, /_next/image?url=%2Fimages%2F17.png&w=3840&q=75 3840w"
        style={
          Object {
            "bottom": 0,
            "color": "transparent",
            "height": "100%",
            "left": 0,
            "objectFit": undefined,
            "objectPosition": undefined,
            "position": "absolute",
            "right": 0,
            "top": 0,
            "width": "100%",
          }
        }
      />
    </div>
    <div
      className="relative w-32 h-32"
    >
      <img
        alt="profile"
        className="object-contain rounded-xl"
        data-nimg="fill"
        decoding="async"
        loading="lazy"
        onError={[Function]}
        onLoad={[Function]}
        sizes="100vw"
        src="/_next/image?url=%2Fimages%2F18.png&w=3840&q=75"
        srcSet="/_next/image?url=%2Fimages%2F18.png&w=640&q=75 640w, /_next/image?url=%2Fimages%2F18.png&w=750&q=75 750w, /_next/image?url=%2Fimages%2F18.png&w=828&q=75 828w, /_next/image?url=%2Fimages%2F18.png&w=1080&q=75 1080w, /_next/image?url=%2Fimages%2F18.png&w=1200&q=75 1200w, /_next/image?url=%2Fimages%2F18.png&w=1920&q=75 1920w, /_next/image?url=%2Fimages%2F18.png&w=2048&q=75 2048w, /_next/image?url=%2Fimages%2F18.png&w=3840&q=75 3840w"
        style={
          Object {
            "bottom": 0,
            "color": "transparent",
            "height": "100%",
            "left": 0,
            "objectFit": undefined,
            "objectPosition": undefined,
            "position": "absolute",
            "right": 0,
            "top": 0,
            "width": "100%",
          }
        }
      />
    </div>
  </div>,
  <p
    className="text-4xl text-center pt-20 font-Rubik font-medium"
  >
    home.Hearitfromvolunteers
  </p>,
  <div
    className="container mx-auto  md:px-32 px-10 pt-12 pb-4 grid md:grid-cols-3 gap-10 grid-cols-1 font-Rubik"
  >
    <div>
      <div
        className="flex flex-col items-center font-Rubik "
      >
        <div
          className="relative w-20 h-20 "
        >
          <img
            alt="profile"
            className=" object-contain rounded-full "
            data-nimg="fill"
            decoding="async"
            loading="lazy"
            onError={[Function]}
            onLoad={[Function]}
            sizes="100vw"
            src="/_next/image?url=%2Fimages%2Fvolunteer%201.png&w=3840&q=75"
            srcSet="/_next/image?url=%2Fimages%2Fvolunteer%201.png&w=640&q=75 640w, /_next/image?url=%2Fimages%2Fvolunteer%201.png&w=750&q=75 750w, /_next/image?url=%2Fimages%2Fvolunteer%201.png&w=828&q=75 828w, /_next/image?url=%2Fimages%2Fvolunteer%201.png&w=1080&q=75 1080w, /_next/image?url=%2Fimages%2Fvolunteer%201.png&w=1200&q=75 1200w, /_next/image?url=%2Fimages%2Fvolunteer%201.png&w=1920&q=75 1920w, /_next/image?url=%2Fimages%2Fvolunteer%201.png&w=2048&q=75 2048w, /_next/image?url=%2Fimages%2Fvolunteer%201.png&w=3840&q=75 3840w"
            style={
              Object {
                "bottom": 0,
                "color": "transparent",
                "height": "100%",
                "left": 0,
                "objectFit": undefined,
                "objectPosition": undefined,
                "position": "absolute",
                "right": 0,
                "top": 0,
                "width": "100%",
              }
            }
          />
        </div>
        <div
          className="flex flex-col gap-2  pt-6"
        >
          <p
            className="text-xl text-center font-medium"
          >
            home.volunteersName1
          </p>
          <p
            className="text-lg text-primary-gray text-center font-normal "
          >
            home.volunteersQu1
          </p>
        </div>
      </div>
    </div>
    <div>
      <div
        className="flex flex-col items-center font-Rubik "
      >
        <div
          className="relative w-20 h-20 "
        >
          <img
            alt="profile"
            className=" object-contain rounded-full "
            data-nimg="fill"
            decoding="async"
            loading="lazy"
            onError={[Function]}
            onLoad={[Function]}
            sizes="100vw"
            src="/_next/image?url=%2Fimages%2Fvolunteer%202.png&w=3840&q=75"
            srcSet="/_next/image?url=%2Fimages%2Fvolunteer%202.png&w=640&q=75 640w, /_next/image?url=%2Fimages%2Fvolunteer%202.png&w=750&q=75 750w, /_next/image?url=%2Fimages%2Fvolunteer%202.png&w=828&q=75 828w, /_next/image?url=%2Fimages%2Fvolunteer%202.png&w=1080&q=75 1080w, /_next/image?url=%2Fimages%2Fvolunteer%202.png&w=1200&q=75 1200w, /_next/image?url=%2Fimages%2Fvolunteer%202.png&w=1920&q=75 1920w, /_next/image?url=%2Fimages%2Fvolunteer%202.png&w=2048&q=75 2048w, /_next/image?url=%2Fimages%2Fvolunteer%202.png&w=3840&q=75 3840w"
            style={
              Object {
                "bottom": 0,
                "color": "transparent",
                "height": "100%",
                "left": 0,
                "objectFit": undefined,
                "objectPosition": undefined,
                "position": "absolute",
                "right": 0,
                "top": 0,
                "width": "100%",
              }
            }
          />
        </div>
        <div
          className="flex flex-col gap-2  pt-6"
        >
          <p
            className="text-xl text-center font-medium"
          >
            home.volunteersName2
          </p>
          <p
            className="text-lg text-primary-gray text-center font-normal "
          >
            home.volunteersQu2
          </p>
        </div>
      </div>
    </div>
    <div>
      <div
        className="flex flex-col items-center font-Rubik "
      >
        <div
          className="relative w-20 h-20 "
        >
          <img
            alt="profile"
            className=" object-contain rounded-full "
            data-nimg="fill"
            decoding="async"
            loading="lazy"
            onError={[Function]}
            onLoad={[Function]}
            sizes="100vw"
            src="/_next/image?url=%2Fimages%2Fvolunteer%203.png&w=3840&q=75"
            srcSet="/_next/image?url=%2Fimages%2Fvolunteer%203.png&w=640&q=75 640w, /_next/image?url=%2Fimages%2Fvolunteer%203.png&w=750&q=75 750w, /_next/image?url=%2Fimages%2Fvolunteer%203.png&w=828&q=75 828w, /_next/image?url=%2Fimages%2Fvolunteer%203.png&w=1080&q=75 1080w, /_next/image?url=%2Fimages%2Fvolunteer%203.png&w=1200&q=75 1200w, /_next/image?url=%2Fimages%2Fvolunteer%203.png&w=1920&q=75 1920w, /_next/image?url=%2Fimages%2Fvolunteer%203.png&w=2048&q=75 2048w, /_next/image?url=%2Fimages%2Fvolunteer%203.png&w=3840&q=75 3840w"
            style={
              Object {
                "bottom": 0,
                "color": "transparent",
                "height": "100%",
                "left": 0,
                "objectFit": undefined,
                "objectPosition": undefined,
                "position": "absolute",
                "right": 0,
                "top": 0,
                "width": "100%",
              }
            }
          />
        </div>
        <div
          className="flex flex-col gap-2  pt-6"
        >
          <p
            className="text-xl text-center font-medium"
          >
            home.volunteersName3
          </p>
          <p
            className="text-lg text-primary-gray text-center font-normal "
          >
            home.volunteersQu3
          </p>
        </div>
      </div>
    </div>
  </div>,
  <div
    className="container mx-auto md:px-32 px-10 pt-28 pb-10 grid grid-cols-2 text-center  "
  >
    <div
      className=""
    >
      <div
        className="relative h-60 overflow-hidden "
      >
        <img
          alt="profile"
          className="object-cover rounded-3xl p-3"
          data-aos="zoom-in-up"
          data-nimg="fill"
          decoding="async"
          loading="lazy"
          onError={[Function]}
          onLoad={[Function]}
          sizes="100vw"
          src="/_next/image?url=%2Fimages%2Fhome4.png&w=3840&q=75"
          srcSet="/_next/image?url=%2Fimages%2Fhome4.png&w=640&q=75 640w, /_next/image?url=%2Fimages%2Fhome4.png&w=750&q=75 750w, /_next/image?url=%2Fimages%2Fhome4.png&w=828&q=75 828w, /_next/image?url=%2Fimages%2Fhome4.png&w=1080&q=75 1080w, /_next/image?url=%2Fimages%2Fhome4.png&w=1200&q=75 1200w, /_next/image?url=%2Fimages%2Fhome4.png&w=1920&q=75 1920w, /_next/image?url=%2Fimages%2Fhome4.png&w=2048&q=75 2048w, /_next/image?url=%2Fimages%2Fhome4.png&w=3840&q=75 3840w"
          style={
            Object {
              "bottom": 0,
              "color": "transparent",
              "height": "100%",
              "left": 0,
              "objectFit": undefined,
              "objectPosition": undefined,
              "position": "absolute",
              "right": 0,
              "top": 0,
              "width": "100%",
            }
          }
        />
      </div>
      <div
        className="relative h-80 overflow-hidden "
      >
        <img
          alt="profile"
          className="object-cover rounded-3xl p-3"
          data-aos="zoom-in-up"
          data-nimg="fill"
          decoding="async"
          loading="lazy"
          onError={[Function]}
          onLoad={[Function]}
          sizes="100vw"
          src="/_next/image?url=%2Fimages%2Fhome1.png&w=3840&q=75"
          srcSet="/_next/image?url=%2Fimages%2Fhome1.png&w=640&q=75 640w, /_next/image?url=%2Fimages%2Fhome1.png&w=750&q=75 750w, /_next/image?url=%2Fimages%2Fhome1.png&w=828&q=75 828w, /_next/image?url=%2Fimages%2Fhome1.png&w=1080&q=75 1080w, /_next/image?url=%2Fimages%2Fhome1.png&w=1200&q=75 1200w, /_next/image?url=%2Fimages%2Fhome1.png&w=1920&q=75 1920w, /_next/image?url=%2Fimages%2Fhome1.png&w=2048&q=75 2048w, /_next/image?url=%2Fimages%2Fhome1.png&w=3840&q=75 3840w"
          style={
            Object {
              "bottom": 0,
              "color": "transparent",
              "height": "100%",
              "left": 0,
              "objectFit": undefined,
              "objectPosition": undefined,
              "position": "absolute",
              "right": 0,
              "top": 0,
              "width": "100%",
            }
          }
        />
      </div>
    </div>
    <div>
      <div
        className="relative h-80 overflow-hidden "
      >
        <img
          alt="profile"
          className="object-cover rounded-3xl p-3"
          data-aos="zoom-in-up"
          data-nimg="fill"
          decoding="async"
          loading="lazy"
          onError={[Function]}
          onLoad={[Function]}
          sizes="100vw"
          src="/_next/image?url=%2Fimages%2Fhome2.png&w=3840&q=75"
          srcSet="/_next/image?url=%2Fimages%2Fhome2.png&w=640&q=75 640w, /_next/image?url=%2Fimages%2Fhome2.png&w=750&q=75 750w, /_next/image?url=%2Fimages%2Fhome2.png&w=828&q=75 828w, /_next/image?url=%2Fimages%2Fhome2.png&w=1080&q=75 1080w, /_next/image?url=%2Fimages%2Fhome2.png&w=1200&q=75 1200w, /_next/image?url=%2Fimages%2Fhome2.png&w=1920&q=75 1920w, /_next/image?url=%2Fimages%2Fhome2.png&w=2048&q=75 2048w, /_next/image?url=%2Fimages%2Fhome2.png&w=3840&q=75 3840w"
          style={
            Object {
              "bottom": 0,
              "color": "transparent",
              "height": "100%",
              "left": 0,
              "objectFit": undefined,
              "objectPosition": undefined,
              "position": "absolute",
              "right": 0,
              "top": 0,
              "width": "100%",
            }
          }
        />
      </div>
      <div
        className="relative h-60 overflow-hidden"
      >
        <img
          alt="profile"
          className="object-cover rounded-3xl p-3"
          data-aos="zoom-in-up"
          data-nimg="fill"
          decoding="async"
          loading="lazy"
          onError={[Function]}
          onLoad={[Function]}
          sizes="100vw"
          src="/_next/image?url=%2Fimages%2Fhome3.png&w=3840&q=75"
          srcSet="/_next/image?url=%2Fimages%2Fhome3.png&w=640&q=75 640w, /_next/image?url=%2Fimages%2Fhome3.png&w=750&q=75 750w, /_next/image?url=%2Fimages%2Fhome3.png&w=828&q=75 828w, /_next/image?url=%2Fimages%2Fhome3.png&w=1080&q=75 1080w, /_next/image?url=%2Fimages%2Fhome3.png&w=1200&q=75 1200w, /_next/image?url=%2Fimages%2Fhome3.png&w=1920&q=75 1920w, /_next/image?url=%2Fimages%2Fhome3.png&w=2048&q=75 2048w, /_next/image?url=%2Fimages%2Fhome3.png&w=3840&q=75 3840w"
          style={
            Object {
              "bottom": 0,
              "color": "transparent",
              "height": "100%",
              "left": 0,
              "objectFit": undefined,
              "objectPosition": undefined,
              "position": "absolute",
              "right": 0,
              "top": 0,
              "width": "100%",
            }
          }
        />
      </div>
    </div>
  </div>,
  <p
    className="text-4xl text-center pt-24 pb-5 font-Rubik lg:px-96 md:px-52 px-10 font-medium"
  >
    home.Becomethechangeyouwishtoseeintheworld
  </p>,
  <p
    className="md:px-40 px-10 text-xl text-primary-gray text-center font-Rubik font-normal"
  >
    home.Doeverythingyoucantocreateanamazing,inspiring experienceintheworld
  </p>,
  <div
    className="flex justify-center items-center pb-28 pt-10 font-Rubik"
  >
    <div>
      <div>
        <a
          className="w-80 h-7 py-2.5 px-4 rounded-lg overflow-hidden group bg-primary-blue relative hover:bg-gradient-to-r hover:from-primary-blue hover:to-blue-200 text-white text-xl font-medium hover:ring-2 hover:ring-offset-2 hover:ring-primary-blue transition-all ease-out duration-300"
          href="/signup"
          onClick={[Function]}
          onMouseEnter={[Function]}
          onTouchStart={[Function]}
        >
          <span
            class="absolute right-0 w-8 h-32 -mt-12 transition-all duration-1000 transform translate-x-12 bg-white opacity-10 rotate-12 group-hover:-translate-x-40 ease"
          />
          <span
            class="relative"
          >
            home.GetStarted
          </span>
        </a>
      </div>
    </div>
    <a
      className="flex justify-center items-center"
      href="#"
      onClick={[Function]}
      onMouseEnter={[Function]}
      onTouchStart={[Function]}
    >
      <p
        className=" text-xl p-2 font-medium"
      >
        home.Whoareyou?
      </p>
      <svg
        className="w-6 h-4 "
        fill="none"
        viewBox="0 0 12 20"
        xmlns="http://www.w3.org/2000/svg"
      >
        <path
          d="M11.669 18.2567C12.0795 18.6262 12.1128 19.2585 11.7433 19.669C11.3738 20.0795 10.7415 20.1128 10.331 19.7433L0.331035 10.7433C-0.110345 10.3461 -0.110345 9.65396 0.331035 9.25671L10.331 0.256714C10.7415 -0.112745 11.3738 -0.0794662 11.7433 0.331044C12.1128 0.741554 12.0795 1.37384 11.669 1.7433L2.49485 10L11.669 18.2567Z"
          fill="#1A1A1A"
        />
      </svg>
    </a>
  </div>,
]
`;
