// Jest Snapshot v1, https://goo.gl/fbAQLP

exports[`renders correctly 1`] = `
<div
  className=" container mx-auto md:px-32 px-10 pt-12 pb-4 font-Rubik"
>
  <div
    className=" grid md:grid-cols-2 gap-14  grid-cols-1 mb-4 "
  >
    <div>
      <p
        className="font-medium py-5"
      >
         
        eventcreation.chooseLocation
      </p>
      <p
        className=" text-primary-gray pb-7"
      >
        eventcreation.locationDescription
      </p>
      <input
        className="md:w-80 w-64 h-12 border border-black rounded placeholder:p-2 px-2"
        id="eventLocation"
        name="eventLocation"
        onChange={[Function]}
        placeholder="eventcreation.locationPlaceholder"
        type="text"
        value=""
      />
    </div>
    <div
      className="pt-11 "
    >
      <p
        className="text-7xl font-medium"
      >
        Izmer
      </p>
      <button
        className="cursor-pointer text-blue-600"
        onClick={[Function]}
        type="button"
      >
        eventcreation.changeLocation
         
      </button>
    </div>
  </div>
  <div>
    <p
      className="font-medium py-5 text-3xl"
    >
       
      eventcreation.EventType.eventTypeTitle
    </p>
    <p
      className="text-primary-gray pb-7"
    >
      eventcreation.EventType.EventTypeDescription
    </p>
    <div
      className=" grid md:grid-cols-4 gap-4  grid-cols-2 mb-4 "
    >
      <div>
        <label
          className="undefined undefined"
        >
          <input
            checked={false}
            className="hidden undefined"
            name="No Poverty"
            onChange={[Function]}
            type="checkbox"
            value="No Poverty"
          />
          <span
            className="checked flex items-center justify-center text-center text-primary-orange border border-primary-orange p-3 rounded h-32 font-Rubik font-medium sm:text-base text-xs undefined"
          >
            No Poverty
          </span>
        </label>
      </div>
      <div>
        <label
          className="undefined undefined"
        >
          <input
            checked={false}
            className="hidden undefined"
            name="Zero Hunger"
            onChange={[Function]}
            type="checkbox"
            value="Zero Hunger"
          />
          <span
            className="checked flex items-center justify-center text-center text-primary-orange border border-primary-orange p-3 rounded h-32 font-Rubik font-medium sm:text-base text-xs undefined"
          >
            Zero Hunger
          </span>
        </label>
      </div>
      <div>
        <label
          className="undefined undefined"
        >
          <input
            checked={false}
            className="hidden undefined"
            name="Good Health And Well-Being"
            onChange={[Function]}
            type="checkbox"
            value="Good Health And Well-Being"
          />
          <span
            className="checked flex items-center justify-center text-center text-primary-orange border border-primary-orange p-3 rounded h-32 font-Rubik font-medium sm:text-base text-xs undefined"
          >
            Good Health And Well-Being
          </span>
        </label>
      </div>
      <div>
        <label
          className="undefined undefined"
        >
          <input
            checked={false}
            className="hidden undefined"
            name="Quality Education"
            onChange={[Function]}
            type="checkbox"
            value="Quality Education"
          />
          <span
            className="checked flex items-center justify-center text-center text-primary-orange border border-primary-orange p-3 rounded h-32 font-Rubik font-medium sm:text-base text-xs undefined"
          >
            Quality Education
          </span>
        </label>
      </div>
      <div>
        <label
          className="undefined undefined"
        >
          <input
            checked={false}
            className="hidden undefined"
            name="Gender Equality"
            onChange={[Function]}
            type="checkbox"
            value="Gender Equality"
          />
          <span
            className="checked flex items-center justify-center text-center text-primary-orange border border-primary-orange p-3 rounded h-32 font-Rubik font-medium sm:text-base text-xs undefined"
          >
            Gender Equality
          </span>
        </label>
      </div>
      <div>
        <label
          className="undefined undefined"
        >
          <input
            checked={false}
            className="hidden undefined"
            name="Clean Water And Sanitation"
            onChange={[Function]}
            type="checkbox"
            value="Clean Water And Sanitation"
          />
          <span
            className="checked flex items-center justify-center text-center text-primary-orange border border-primary-orange p-3 rounded h-32 font-Rubik font-medium sm:text-base text-xs undefined"
          >
            Clean Water And Sanitation
          </span>
        </label>
      </div>
      <div>
        <label
          className="undefined undefined"
        >
          <input
            checked={false}
            className="hidden undefined"
            name="Affordable And Clean Energy"
            onChange={[Function]}
            type="checkbox"
            value="Affordable And Clean Energy"
          />
          <span
            className="checked flex items-center justify-center text-center text-primary-orange border border-primary-orange p-3 rounded h-32 font-Rubik font-medium sm:text-base text-xs undefined"
          >
            Affordable And Clean Energy
          </span>
        </label>
      </div>
      <div>
        <label
          className="undefined undefined"
        >
          <input
            checked={false}
            className="hidden undefined"
            name="Decent Work And Economic Growth"
            onChange={[Function]}
            type="checkbox"
            value="Decent Work And Economic Growth"
          />
          <span
            className="checked flex items-center justify-center text-center text-primary-orange border border-primary-orange p-3 rounded h-32 font-Rubik font-medium sm:text-base text-xs undefined"
          >
            Decent Work And Economic Growth
          </span>
        </label>
      </div>
      <div>
        <label
          className="undefined undefined"
        >
          <input
            checked={false}
            className="hidden undefined"
            name="Industry Innovation And Infrastructure"
            onChange={[Function]}
            type="checkbox"
            value="Industry Innovation And Infrastructure"
          />
          <span
            className="checked flex items-center justify-center text-center text-primary-orange border border-primary-orange p-3 rounded h-32 font-Rubik font-medium sm:text-base text-xs undefined"
          >
            Industry Innovation And Infrastructure
          </span>
        </label>
      </div>
      <div>
        <label
          className="undefined undefined"
        >
          <input
            checked={false}
            className="hidden undefined"
            name="Reduced Inequalities"
            onChange={[Function]}
            type="checkbox"
            value="Reduced Inequalities"
          />
          <span
            className="checked flex items-center justify-center text-center text-primary-orange border border-primary-orange p-3 rounded h-32 font-Rubik font-medium sm:text-base text-xs undefined"
          >
            Reduced Inequalities
          </span>
        </label>
      </div>
      <div>
        <label
          className="undefined undefined"
        >
          <input
            checked={false}
            className="hidden undefined"
            name="Sustainable Cities And Communities"
            onChange={[Function]}
            type="checkbox"
            value="Sustainable Cities And Communities"
          />
          <span
            className="checked flex items-center justify-center text-center text-primary-orange border border-primary-orange p-3 rounded h-32 font-Rubik font-medium sm:text-base text-xs undefined"
          >
            Sustainable Cities And Communities
          </span>
        </label>
      </div>
      <div>
        <label
          className="undefined undefined"
        >
          <input
            checked={false}
            className="hidden undefined"
            name="Responsible Consumption And Production"
            onChange={[Function]}
            type="checkbox"
            value="Responsible Consumption And Production"
          />
          <span
            className="checked flex items-center justify-center text-center text-primary-orange border border-primary-orange p-3 rounded h-32 font-Rubik font-medium sm:text-base text-xs undefined"
          >
            Responsible Consumption And Production
          </span>
        </label>
      </div>
      <div>
        <label
          className="undefined undefined"
        >
          <input
            checked={false}
            className="hidden undefined"
            name="Climate Action"
            onChange={[Function]}
            type="checkbox"
            value="Climate Action"
          />
          <span
            className="checked flex items-center justify-center text-center text-primary-orange border border-primary-orange p-3 rounded h-32 font-Rubik font-medium sm:text-base text-xs undefined"
          >
            Climate Action
          </span>
        </label>
      </div>
      <div>
        <label
          className="undefined undefined"
        >
          <input
            checked={false}
            className="hidden undefined"
            name="Life Below Water"
            onChange={[Function]}
            type="checkbox"
            value="Life Below Water"
          />
          <span
            className="checked flex items-center justify-center text-center text-primary-orange border border-primary-orange p-3 rounded h-32 font-Rubik font-medium sm:text-base text-xs undefined"
          >
            Life Below Water
          </span>
        </label>
      </div>
      <div>
        <label
          className="undefined undefined"
        >
          <input
            checked={false}
            className="hidden undefined"
            name="Life On Land"
            onChange={[Function]}
            type="checkbox"
            value="Life On Land"
          />
          <span
            className="checked flex items-center justify-center text-center text-primary-orange border border-primary-orange p-3 rounded h-32 font-Rubik font-medium sm:text-base text-xs undefined"
          >
            Life On Land
          </span>
        </label>
      </div>
      <div>
        <label
          className="undefined undefined"
        >
          <input
            checked={false}
            className="hidden undefined"
            name="Peace And Justice And Strong Institutions"
            onChange={[Function]}
            type="checkbox"
            value="Peace And Justice And Strong Institutions"
          />
          <span
            className="checked flex items-center justify-center text-center text-primary-orange border border-primary-orange p-3 rounded h-32 font-Rubik font-medium sm:text-base text-xs undefined"
          >
            Peace And Justice And Strong Institutions
          </span>
        </label>
      </div>
    </div>
  </div>
  <div>
    <p
      className="font-medium py-5 text-3xl"
    >
       
      eventcreation.CreateEventInfo.eventTitle
    </p>
    <p
      className="text-primary-gray pb-7"
    >
      eventcreation.CreateEventInfo.eventTitleDescription
    </p>
    <input
      className="w-full h-12 border border-black rounded px-2"
      id="eventTitle"
      name="eventTitle"
      onChange={[Function]}
      placeholder=""
      type="text"
      value=""
    />
  </div>
  <div>
    <p
      className="font-medium py-5 text-3xl"
    >
       
      eventcreation.CreateEventInfo.eventDate
    </p>
    <p
      className="text-primary-gray pb-7"
    >
      eventcreation.CreateEventInfo.ChooseEventDate
    </p>
    <input
      className="w-80 h-12 border border-black rounded"
      id="eventDate"
      name="eventDate"
      onChange={[Function]}
      placeholder="eventcreation.CreateEventInfo.eventTitlePlaceholder"
      type="date"
      value=""
    />
  </div>
  <div>
    <p
      className="font-medium py-5 text-3xl"
    >
       
      eventcreation.CreateEventInfo.eventTime
    </p>
    <p
      className="text-primary-gray pb-7"
    >
       
      eventcreation.CreateEventInfo.ChooseEventTime
    </p>
    <input
      className="w-80 h-12 border border-black rounded px-2"
      id="eventtime"
      name="eventtime"
      onChange={[Function]}
      placeholder=""
      type="time"
      value=""
    />
  </div>
  <div>
    <p
      className="font-medium py-5 text-3xl"
    >
      eventcreation.CreateEventInfo.eventDescriptionHeading
    </p>
    <p
      className="text-primary-gray pb-7"
    >
      eventcreation.CreateEventInfo.eventDescriptionText
    </p>
    <textarea
      className="w-full h-44 border border-black rounded  placeholder:text-primary-gray p-2"
      id="dateLocation"
      name="dateLocation"
      onChange={[Function]}
      placeholder="eventcreation.CreateEventInfo.eventDescriptionPlaceholder"
    />
  </div>
  <div>
    <p
      className="font-medium py-5 text-3xl"
    >
      eventcreation.CreateEventInfo.eventImageHeading
    </p>
    <p
      className="text-primary-gray pb-7"
    >
      eventcreation.CreateEventInfo.eventImageText
    </p>
    <input
      className="md:w-96 w-60 h-12 border border-black rounded file:h-12"
      id="eventImage"
      name="eventImage"
      onChange={[Function]}
      placeholder=""
      type="file"
    />
  </div>
  <div>
    <p
      className="font-medium py-3 text-3xl"
    >
      eventcreation.Guidelines.guidelinesHeading
    </p>
    <ul
      className="list-disc"
    >
      <p
        className="text-primary-gray py-2"
      >
        eventcreation.Guidelines.guidelinesText
      </p>
      <li
        className="font-normal"
      >
        eventcreation.Guidelines.list1
      </li>
      <li
        className="font-normal"
      >
        eventcreation.Guidelines.list2
      </li>
      <li
        className="font-normal"
      >
        eventcreation.Guidelines.list3
      </li>
    </ul>
    <p
      className="text-primary-gray"
    >
      eventcreation.Guidelines.guidelinesCommunity
      <a
        className="text-blue-600"
        href="#"
        onClick={[Function]}
        onMouseEnter={[Function]}
        onTouchStart={[Function]}
      >
        eventcreation.Guidelines.guidelinesLink
      </a>
    </p>
    <div
      className="py-20 flex flex-col items-center justify-center text-center"
    >
      <button
        className="slate-300 text-black md:w-96 w-80 h-12 font-Rubik  border-black rounded border border-b-2 border-r-2 m-2 p-2  relative hover:bg-gradient-to-r  hover:ring-2 hover:ring-offset-2 hover:ring-black transition-all ease-out duration-300"
        onClick={[Function]}
      >
        eventcreation.Guidelines.submitButton
      </button>
    </div>
  </div>
</div>
`;
