// Jest Snapshot v1, https://goo.gl/fbAQLP

exports[`renders correctly 1`] = `
<div
  className="flex flex-col items-center font-Rubik"
>
  <div
    className="relative w-52 h-52"
  >
    <img
      alt="profile"
      className="object-contain rounded-xl"
      data-nimg="fill"
      decoding="async"
      loading="lazy"
      onError={[Function]}
      onLoad={[Function]}
      src=""
      style={
        Object {
          "bottom": 0,
          "color": "transparent",
          "height": "100%",
          "left": 0,
          "objectFit": undefined,
          "objectPosition": undefined,
          "position": "absolute",
          "right": 0,
          "top": 0,
          "width": "100%",
        }
      }
    />
  </div>
  <div
    className="flex flex-col gap-2 "
  >
    <p
      className="text-3xl text-center font-medium"
    />
    <p
      className="text-lg text-primary-gray text-center font-normal  "
    />
    <a
      className="flex justify-center items-center"
      href="#"
      onClick={[Function]}
      onMouseEnter={[Function]}
      onTouchStart={[Function]}
    >
      <p
        className=" text-xl p-2 font-medium"
      >
         
      </p>
      <svg
        className="w-6 h-4 "
        fill="none"
        viewBox="0 0 12 20"
        xmlns="http://www.w3.org/2000/svg"
      >
        <path
          d="M11.669 18.2567C12.0795 18.6262 12.1128 19.2585 11.7433 19.669C11.3738 20.0795 10.7415 20.1128 10.331 19.7433L0.331035 10.7433C-0.110345 10.3461 -0.110345 9.65396 0.331035 9.25671L10.331 0.256714C10.7415 -0.112745 11.3738 -0.0794662 11.7433 0.331044C12.1128 0.741554 12.0795 1.37384 11.669 1.7433L2.49485 10L11.669 18.2567Z"
          fill="#1A1A1A"
        />
      </svg>
    </a>
  </div>
</div>
`;
