// Jest Snapshot v1, https://goo.gl/fbAQLP

exports[`renders correctly 1`] = `
<div
  className="flex flex-col items-center font-Rubik"
>
  <div
    className="relative w-52 h-52"
  >
    <img
      alt="profile"
      className="object-contain rounded-xl"
      data-nimg="fill"
      decoding="async"
      loading="lazy"
      onError={[Function]}
      onLoad={[Function]}
      src=""
      style={
        Object {
          "bottom": 0,
          "color": "transparent",
          "height": "100%",
          "left": 0,
          "objectFit": undefined,
          "objectPosition": undefined,
          "position": "absolute",
          "right": 0,
          "top": 0,
          "width": "100%",
        }
      }
    />
  </div>
  <div
    className="flex flex-col gap-2 "
  >
    <p
      className="text-3xl text-center font-medium"
    />
    <p
      className="text-lg text-primary-gray text-center font-normal  "
    />
    <a
      className="flex justify-center items-center"
      href="#"
      onClick={[Function]}
      onMouseEnter={[Function]}
      onTouchStart={[Function]}
    >
      <p
        className=" text-xl p-2 font-medium"
      >
         
      </p>
      <svg
        className="w-6 h-4 "
        fill="none"
        viewBox="0 0 12 20"
        xmlns="http://www.w3.org/2000/svg"
      >
        <path
          d="M0.331044 18.2567C-0.0794662 18.6262 -0.112745 19.2585 0.256714 19.669C0.626173 20.0795 1.25846 20.1128 1.66897 19.7433L11.669 10.7433C12.1104 10.3461 12.1104 9.65396 11.669 9.25671L1.66897 0.256714C1.25846 -0.112745 0.626173 -0.0794662 0.256714 0.331044C-0.112745 0.741554 -0.0794662 1.37384 0.331044 1.7433L9.50516 10L0.331044 18.2567Z"
          fill="#1A1A1A"
        />
      </svg>
    </a>
  </div>
</div>
`;
