// Jest Snapshot v1, https://goo.gl/fbAQLP

exports[`renders correctly 1`] = `
<div
  className="flex flex-col justify-center items-center space-y-10 mt-8 mb-8"
>
  <div
    className="flex flex-col sm:m-0 m-2 md:w-5/6"
  >
    <div
      className="flex flex-row sm:justify-start justify-center"
    >
      <h1
        className="text-2xl font-Rubik font-medium tracking-wide"
      >
        Edit Profile
      </h1>
    </div>
    <div
      className="mt-2 mb-2 sm:space-x-3 space-y-3"
    >
      <div
        class=" inline-flex items-center justify-center w-36 h-36 bg-black rounded-full"
      >
        <span
          class="text-4xl text-white"
        />
      </div>
      <button
        className="bg-orange-400 text-white w-40 h-14 font-Rubik text-xl  rounded undefined m-2 p-2"
        onClick={[Function]}
      >
        Uplaod New
      </button>
      <input
        accept="image/x-png,image/gif,image/jpeg"
        onChange={[Function]}
        type="file"
      />
    </div>
  </div>
  <div
    className="flex flex-col w-5/6 space-y-4"
  >
    <div
      className="flex flex-col"
    >
      <label
        className="text-xl font-Rubik font-medium tracking-wide"
      >
        Name (Required)
      </label>
      <input
        className="border border-black rounded p-3 md:w-3/6 mt-2 mb-2"
        onChange={[Function]}
        placeholder="Name"
        type="text"
        value=""
      />
    </div>
    <div
      className="flex flex-col"
    >
      <label
        className="text-xl font-Rubik font-medium tracking-wide"
      >
        Your Location
      </label>
      <input
        className="border border-black rounded p-3 md:w-3/6 mt-2 mb-2"
        onChange={[Function]}
        placeholder="Location"
        type="text"
        value=""
      />
    </div>
  </div>
  <div
    className="sm:m-6 m-2"
  >
    <div
      className="flex flex-row sm:justify-start justify-center mb-3"
    >
      <h1
        className="text-2xl font-Rubik font-medium"
      >
        Your Interests
      </h1>
    </div>
    <div
      className="grid grid-cols-2 sm:grid-cols-3 gap-y-4 gap-x-4 sm:gap-x-8"
    >
      <div>
        <label
          className="flex md:block"
        >
          <input
            borderColor="border-black"
            borderRightAndDown="border-r-2 border-b-2"
            checked={false}
            className="hidden"
            height="h-20"
            onChange={[Function]}
            textColor="text-black"
            textColorChecked="text-black"
            type="checkbox"
          />
          <span
            className="checked flex items-center justify-center text-center  border p-3 rounded  font-medium sm:text-base text-xs text-black border-black border-r-2 border-b-2 h-20"
          >
            No Poverty
          </span>
        </label>
      </div>
      <div>
        <label
          className="flex md:block"
        >
          <input
            borderColor="border-black"
            borderRightAndDown="border-r-2 border-b-2"
            checked={false}
            className="hidden"
            height="h-20"
            onChange={[Function]}
            textColor="text-black"
            textColorChecked="text-black"
            type="checkbox"
          />
          <span
            className="checked flex items-center justify-center text-center  border p-3 rounded  font-medium sm:text-base text-xs text-black border-black border-r-2 border-b-2 h-20"
          >
            Good Health And Well-Being
          </span>
        </label>
      </div>
      <div>
        <label
          className="flex md:block"
        >
          <input
            borderColor="border-black"
            borderRightAndDown="border-r-2 border-b-2"
            checked={false}
            className="hidden"
            height="h-20"
            onChange={[Function]}
            textColor="text-black"
            textColorChecked="text-black"
            type="checkbox"
          />
          <span
            className="checked flex items-center justify-center text-center  border p-3 rounded  font-medium sm:text-base text-xs text-black border-black border-r-2 border-b-2 h-20"
          >
            Quality Education
          </span>
        </label>
      </div>
      <div>
        <label
          className="flex md:block"
        >
          <input
            borderColor="border-black"
            borderRightAndDown="border-r-2 border-b-2"
            checked={false}
            className="hidden"
            height="h-20"
            onChange={[Function]}
            textColor="text-black"
            textColorChecked="text-black"
            type="checkbox"
          />
          <span
            className="checked flex items-center justify-center text-center  border p-3 rounded  font-medium sm:text-base text-xs text-black border-black border-r-2 border-b-2 h-20"
          >
            Gender Equality
          </span>
        </label>
      </div>
      <div>
        <label
          className="flex md:block"
        >
          <input
            borderColor="border-black"
            borderRightAndDown="border-r-2 border-b-2"
            checked={false}
            className="hidden"
            height="h-20"
            onChange={[Function]}
            textColor="text-black"
            textColorChecked="text-black"
            type="checkbox"
          />
          <span
            className="checked flex items-center justify-center text-center  border p-3 rounded  font-medium sm:text-base text-xs text-black border-black border-r-2 border-b-2 h-20"
          >
            Clean Water And Sanitation
          </span>
        </label>
      </div>
      <div>
        <label
          className="flex md:block"
        >
          <input
            borderColor="border-black"
            borderRightAndDown="border-r-2 border-b-2"
            checked={false}
            className="hidden"
            height="h-20"
            onChange={[Function]}
            textColor="text-black"
            textColorChecked="text-black"
            type="checkbox"
          />
          <span
            className="checked flex items-center justify-center text-center  border p-3 rounded  font-medium sm:text-base text-xs text-black border-black border-r-2 border-b-2 h-20"
          >
            Affordable And Clean Energy
          </span>
        </label>
      </div>
      <div>
        <label
          className="flex md:block"
        >
          <input
            borderColor="border-black"
            borderRightAndDown="border-r-2 border-b-2"
            checked={false}
            className="hidden"
            height="h-20"
            onChange={[Function]}
            textColor="text-black"
            textColorChecked="text-black"
            type="checkbox"
          />
          <span
            className="checked flex items-center justify-center text-center  border p-3 rounded  font-medium sm:text-base text-xs text-black border-black border-r-2 border-b-2 h-20"
          >
            Decent Work And Economic Growth
          </span>
        </label>
      </div>
      <div>
        <label
          className="flex md:block"
        >
          <input
            borderColor="border-black"
            borderRightAndDown="border-r-2 border-b-2"
            checked={false}
            className="hidden"
            height="h-20"
            onChange={[Function]}
            textColor="text-black"
            textColorChecked="text-black"
            type="checkbox"
          />
          <span
            className="checked flex items-center justify-center text-center  border p-3 rounded  font-medium sm:text-base text-xs text-black border-black border-r-2 border-b-2 h-20"
          >
            Industry Innovation And Infrastructure
          </span>
        </label>
      </div>
      <div>
        <label
          className="flex md:block"
        >
          <input
            borderColor="border-black"
            borderRightAndDown="border-r-2 border-b-2"
            checked={false}
            className="hidden"
            height="h-20"
            onChange={[Function]}
            textColor="text-black"
            textColorChecked="text-black"
            type="checkbox"
          />
          <span
            className="checked flex items-center justify-center text-center  border p-3 rounded  font-medium sm:text-base text-xs text-black border-black border-r-2 border-b-2 h-20"
          >
            Reduced Inequalities
          </span>
        </label>
      </div>
      <div>
        <label
          className="flex md:block"
        >
          <input
            borderColor="border-black"
            borderRightAndDown="border-r-2 border-b-2"
            checked={false}
            className="hidden"
            height="h-20"
            onChange={[Function]}
            textColor="text-black"
            textColorChecked="text-black"
            type="checkbox"
          />
          <span
            className="checked flex items-center justify-center text-center  border p-3 rounded  font-medium sm:text-base text-xs text-black border-black border-r-2 border-b-2 h-20"
          >
            Sustainable Cities And Communities
          </span>
        </label>
      </div>
      <div>
        <label
          className="flex md:block"
        >
          <input
            borderColor="border-black"
            borderRightAndDown="border-r-2 border-b-2"
            checked={false}
            className="hidden"
            height="h-20"
            onChange={[Function]}
            textColor="text-black"
            textColorChecked="text-black"
            type="checkbox"
          />
          <span
            className="checked flex items-center justify-center text-center  border p-3 rounded  font-medium sm:text-base text-xs text-black border-black border-r-2 border-b-2 h-20"
          >
            Responsible Consumption And Production
          </span>
        </label>
      </div>
      <div>
        <label
          className="flex md:block"
        >
          <input
            borderColor="border-black"
            borderRightAndDown="border-r-2 border-b-2"
            checked={false}
            className="hidden"
            height="h-20"
            onChange={[Function]}
            textColor="text-black"
            textColorChecked="text-black"
            type="checkbox"
          />
          <span
            className="checked flex items-center justify-center text-center  border p-3 rounded  font-medium sm:text-base text-xs text-black border-black border-r-2 border-b-2 h-20"
          >
            Life Below Water
          </span>
        </label>
      </div>
      <div>
        <label
          className="flex md:block"
        >
          <input
            borderColor="border-black"
            borderRightAndDown="border-r-2 border-b-2"
            checked={false}
            className="hidden"
            height="h-20"
            onChange={[Function]}
            textColor="text-black"
            textColorChecked="text-black"
            type="checkbox"
          />
          <span
            className="checked flex items-center justify-center text-center  border p-3 rounded  font-medium sm:text-base text-xs text-black border-black border-r-2 border-b-2 h-20"
          >
            Life On Land
          </span>
        </label>
      </div>
      <div>
        <label
          className="flex md:block"
        >
          <input
            borderColor="border-black"
            borderRightAndDown="border-r-2 border-b-2"
            checked={false}
            className="hidden"
            height="h-20"
            onChange={[Function]}
            textColor="text-black"
            textColorChecked="text-black"
            type="checkbox"
          />
          <span
            className="checked flex items-center justify-center text-center  border p-3 rounded  font-medium sm:text-base text-xs text-black border-black border-r-2 border-b-2 h-20"
          >
            Peace And Justice And Strong Institutions
          </span>
        </label>
      </div>
    </div>
    <div />
    <div
      className="flex flex-row sm:justify-end justify-center sm:m-6 m-2"
    >
      <button
        className="bg-orange-400 text-white w-40 h-14 font-Rubik text-xl  rounded undefined m-2 p-2"
        onClick={[Function]}
      >
        Save Changes
      </button>
    </div>
  </div>
  <div
    className="flex flex-col items-center bg-slate-300 rounded-lg sm:p-7 p-1"
  >
    <div
      className="flex flex-row sm:justify-start justify-center mb-3 mt-2 sm:mt-0 sm:w-full"
    >
      <h1
        className="text-2xl font-Rubik font-medium"
      >
        Change Password
         
        <div
          className="text-red-500 text-center"
        />
      </h1>
    </div>
    <div
      className="flex justify-center flex-col sm:flex-row"
    >
      <input
        className="border border-black rounded p-3 w-48 m-4"
        onChange={[Function]}
        placeholder="Password"
        type="password"
        value=""
      />
      <input
        className="border border-black rounded p-3 w-48 m-4"
        onChange={[Function]}
        placeholder="Retype Password"
        type="password"
        value=""
      />
    </div>
    <div
      className="flex flex-col sm:flex-row sm:justify-end justify-center sm:m-6 m-2 sm:w-full"
    >
      <button
        className="bg-orange-400 text-white w-40 h-14 font-Rubik text-xl  rounded undefined m-2 p-2"
        onClick={[Function]}
      >
        Submit
      </button>
      <button
        className="bg-white text-black w-40 h-14 font-Rubik text-xl border-black rounded border border-r-2 border-b-2 m-2 p-2"
        onClick={[Function]}
      >
        Cancel
      </button>
    </div>
  </div>
</div>
`;
